

                                                                      Page 1
ispLEVER Classic 1.7.00.05.28.13  -  Device Utilization Chart         Thu Mar 03 00:48:18 2016

lab7step2



--------------------------------------------------------------------------------

Module                   : 'lab7step2'

--------------------------------------------------------------------------------

Input files:

    ABEL PLA file        : lab7step2.tt3
    Device library       : P22V10G.dev

Output files:

    Report file          : lab7step2.rpt
    Programmer load file : lab7step2.jed

--------------------------------------------------------------------------------


                                                                      Page 2
ispLEVER Classic 1.7.00.05.28.13  -  Device Utilization Chart         Thu Mar 03 00:48:18 2016

lab7step2

P22V10G Programmed Logic:
--------------------------------------------------------------------------------



a     = (  I0 & !I1 & !I2 & !I3 
         #   I1 & I2 & I3 & I4 
         #   !I1 & !I2 & I3 & I4 
         #   I0 & I1 & !I3 & I4 
         #   I0 & !I1 & I2 & I3 & !I4 
         #   I0 & I1 & !I2 & I3 & !I4 
         #   !I0 & !I1 & I2 & !I3 & !I4 );

b     = (  I0 & !I1 & !I3 
         #   I0 & !I1 & I4 
         #   !I1 & I2 & !I3 & I4 
         #   !I0 & I1 & !I2 & !I3 & I4 
         #   !I0 & I1 & I2 & !I4 
         #   I0 & I1 & I3 & !I4 
         #   !I0 & I2 & I3 & !I4 );

c     = (  !I0 & !I1 & I2 & I3 
         #   !I0 & I1 & !I2 & !I3 
         #   !I1 & I2 & I4 
         #   I0 & !I1 & I3 & I4 
         #   I1 & I2 & I3 & !I4 
         #   I0 & !I1 & !I2 & !I3 & !I4 );

d     = (  I0 & I1 & I2 
         #   !I0 & I1 & !I2 & I3 
         #   I0 & I2 & I4 
         #   !I1 & I2 & I3 & I4 
         #   !I0 & !I1 & !I2 & !I3 & I4 
         #   I0 & !I1 & !I2 & !I4 
         #   !I0 & !I1 & I2 & !I3 & !I4 );

e     = (  I0 & I1 & I2 & I3 & I4 
         #   !I0 & !I1 & !I2 & I3 & I4 
         #   !I0 & I1 & I2 & !I3 & I4 
         #   I0 & !I1 & !I2 & I3 & !I4 
         #   I0 & I1 & !I3 & !I4 
         #   !I1 & I2 & !I3 & !I4 );

f     = (  I0 & I1 & !I2 & !I3 
         #   !I0 & !I1 & !I2 & I3 & I4 
         #   I0 & !I1 & I2 & I3 & !I4 
         #   I0 & I1 & !I3 & !I4 
         #   I1 & !I2 & !I3 & !I4 );

g     = (  !I0 & I1 & !I2 & I4 
         #   !I0 & I1 & I3 & I4 
         #   I0 & !I1 & I3 & I4 
         #   !I2 & I3 & I4 
         #   !I0 & !I1 & I2 & I3 & !I4 
         #   I0 & I1 & I2 & !I3 & !I4 


                                                                      Page 3
ispLEVER Classic 1.7.00.05.28.13  -  Device Utilization Chart         Thu Mar 03 00:48:18 2016

lab7step2

P22V10G Programmed Logic:
--------------------------------------------------------------------------------



         #   !I1 & !I2 & !I3 & !I4 );



                                                                      Page 4
ispLEVER Classic 1.7.00.05.28.13  -  Device Utilization Chart         Thu Mar 03 00:48:18 2016

lab7step2

P22V10G Chip Diagram:
--------------------------------------------------------------------------------




                                   P22V10G

                         +---------\       /---------+
                         |          \     /          |
                         |           -----           |
                         |  1                    24  | Vcc                     
                         |                           |
                      I0 |  2                    23  |                         
                         |                           |
                      I1 |  3                    22  |                         
                         |                           |
                      I2 |  4                    21  |                         
                         |                           |
                      I3 |  5                    20  | g                       
                         |                           |
                      I4 |  6                    19  | f                       
                         |                           |
                         |  7                    18  | e                       
                         |                           |
                         |  8                    17  | d                       
                         |                           |
                         |  9                    16  | c                       
                         |                           |
                         | 10                    15  | b                       
                         |                           |
                         | 11                    14  | a                       
                         |                           |
                     GND | 12                    13  |                         
                         |                           |
                         |                           |
                         `---------------------------'

                        SIGNATURE: N/A


                                                                      Page 5
ispLEVER Classic 1.7.00.05.28.13  -  Device Utilization Chart         Thu Mar 03 00:48:18 2016

lab7step2

P22V10G Resource Allocations:
--------------------------------------------------------------------------------



        Device        | Resource  |   Design    |
       Resources      | Available | Requirement | Unused
======================|===========|=============|==============
                      |           |             |
Input Pins:           |           |             |
                      |           |             |
          Input:      |     12    |      5      |    7 ( 58 %)
                      |           |             |
Output Pins:          |           |             |
                      |           |             |
          In/Out:     |     10    |      7      |    3 ( 30 %)
          Output:     |      -    |      -      |    -
                      |           |             |
Buried Nodes:         |           |             |
                      |           |             |
          Input Reg:  |      -    |      -      |    -
          Pin Reg:    |     10    |      0      |   10 (100 %)
          Buried Reg: |      -    |      -      |    -


                                                                      Page 6
ispLEVER Classic 1.7.00.05.28.13  -  Device Utilization Chart         Thu Mar 03 00:48:18 2016

lab7step2

P22V10G Product Terms Distribution:
--------------------------------------------------------------------------------



            Signal                       |    Pin   | Terms | Terms | Terms
             Name                        | Assigned | Used  |  Max  | Unused
=========================================|==========|=======|=======|=======
a                                        |   14     |   7   |   8   |   1
b                                        |   15     |   7   |  10   |   3
c                                        |   16     |   6   |  12   |   6
d                                        |   17     |   7   |  14   |   7
e                                        |   18     |   6   |  16   |  10
f                                        |   19     |   5   |  16   |  11
g                                        |   20     |   7   |  14   |   7


     ==== List of Inputs/Feedbacks ====

Signal Name                              | Pin      | Pin Type
=========================================|==========|=========
I0                                       |    2     | INPUT
I1                                       |    3     | INPUT
I2                                       |    4     | INPUT
I3                                       |    5     | INPUT
I4                                       |    6     | INPUT


                                                                      Page 7
ispLEVER Classic 1.7.00.05.28.13  -  Device Utilization Chart         Thu Mar 03 00:48:18 2016

lab7step2

P22V10G Unused Resources:
--------------------------------------------------------------------------------



 Pin   |  Pin   |   Product   | Flip-flop
Number |  Type  |   Terms     |   Type
=======|========|=============|==========
    7  |  INPUT |      -      |    -   
    8  |  INPUT |      -      |    -   
    9  |  INPUT |      -      |    -   
   10  |  INPUT |      -      |    -   
   11  |  INPUT |      -      |    -   
   13  |  INPUT |      -      |    -   
   21  |  BIDIR | NORMAL 12   |    D
   22  |  BIDIR | NORMAL 10   |    D
   23  |  BIDIR | NORMAL  8   |    D
